// Jest Snapshot v1, https://goo.gl/fbAQLP

exports[`Mutation create WeChatUser 1`] = `
Object {
  "data": Object {
    "CreateWeChatUsers": Object {
      "id": "0",
    },
  },
}
`;

exports[`Mutation create WeChatUser 2`] = `
Array [
  Object {
    "createdAt": "2019-04-21T05:19:31.395Z",
    "id": "0",
    "updatedAt": "2019-04-21T05:19:31.395Z",
    "username": "a",
  },
  Object {
    "createdAt": "2019-04-21T05:19:31.395Z",
    "id": "1",
    "updatedAt": "2019-04-21T05:19:31.395Z",
    "username": "b",
  },
  Object {
    "createdAt": "2019-04-21T05:19:31.395Z",
    "id": "2",
    "updatedAt": "2019-04-21T05:19:31.395Z",
    "username": "c",
  },
  Object {
    "alias": "bbbb",
    "avatar": Object {
      "id": "0",
    },
    "conRemark": "cccc",
    "id": "3",
    "nickname": "dddd",
    "username": "aaaa",
  },
]
`;

exports[`Mutation create WeChatUser 3`] = `
Array [
  Object {
    "bigImg": Object {
      "id": "1",
    },
    "id": "0",
    "thumbnailImg": Object {
      "id": "0",
    },
  },
]
`;

exports[`Mutation create WeChatUser Fail No WeChat 1`] = `
Object {
  "data": null,
  "errors": Array [
    [GraphQLError: No WeChat],
  ],
}
`;
